// Jest Snapshot v1, https://goo.gl/fbAQLP

exports[`App renders app information 1`] = `
<center>
  <img
    className="logo"
    src="images/logo.png"
  />
  <div
    class="homescreencontainer"
  >
    <img
      alt="HomeScreen"
      id="vimGame"
      src="images/home_screen.png"
    />
    <a
      href="./about"
    >
      <button
        class="about-btn"
      >
        ABOUT
      </button>
    </a>
    <a
      href="/play"
    >
      <button
        class="start-btn"
      >
        START GAME
      </button>
    </a>
  </div>
</center>
`;
